// Jest Snapshot v1, https://goo.gl/fbAQLP

exports[`<Page /> when there is an error should display spinner and contents 1`] = `
ShallowWrapper {
  Symbol(enzyme.__root__): [Circular],
  Symbol(enzyme.__unrendered__): <Page
    alwaysRender={true}
    applicationTitle=""
    backLink="http://this/"
    defaultHome="http://notmhome/"
    dispatchApplicationTitle={[Function]}
    error=""
    homeLink="http://home/"
    loaded={false}
    showBreadcrumb={true}
    title="Page title"
  >
    Page content
  </Page>,
  Symbol(enzyme.__renderer__): Object {
    "batchedUpdates": [Function],
    "checkPropTypes": [Function],
    "getNode": [Function],
    "render": [Function],
    "simulateError": [Function],
    "simulateEvent": [Function],
    "unmount": [Function],
  },
  Symbol(enzyme.__node__): Object {
    "instance": null,
    "key": undefined,
    "nodeType": "function",
    "props": Object {
      "children": Array [
        <Spinner />,
        <withRouter()
          homeLink="http://home/"
        />,
        <BackLink
          href="http://this/"
          onClick={undefined}
        >
          Back
        </BackLink>,
        <UNDEFINED>
          <Heading
            level={1}
            size="LARGE"
          >
            Page title
          </Heading>
          
          <div
            className="page-content"
          >
            Page content
          </div>
        </UNDEFINED>,
      ],
    },
    "ref": null,
    "rendered": Array [
      Object {
        "instance": null,
        "key": undefined,
        "nodeType": "class",
        "props": Object {},
        "ref": null,
        "rendered": null,
        "type": [Function],
      },
      Object {
        "instance": null,
        "key": undefined,
        "nodeType": "function",
        "props": Object {
          "homeLink": "http://home/",
        },
        "ref": null,
        "rendered": null,
        "type": [Function],
      },
      Object {
        "instance": null,
        "key": undefined,
        "nodeType": "function",
        "props": Object {
          "children": "Back",
          "href": "http://this/",
          "onClick": undefined,
        },
        "ref": null,
        "rendered": "Back",
        "type": [Function],
      },
      Object {
        "instance": null,
        "key": undefined,
        "nodeType": "function",
        "props": Object {
          "children": Array [
            <Heading
              level={1}
              size="LARGE"
            >
              Page title
            </Heading>,
            "",
            <div
              className="page-content"
            >
              Page content
            </div>,
          ],
        },
        "ref": null,
        "rendered": Array [
          Object {
            "instance": null,
            "key": undefined,
            "nodeType": "function",
            "props": Object {
              "children": "Page title",
              "level": 1,
              "size": "LARGE",
            },
            "ref": null,
            "rendered": "Page title",
            "type": [Function],
          },
          "",
          Object {
            "instance": null,
            "key": undefined,
            "nodeType": "host",
            "props": Object {
              "children": "Page content",
              "className": "page-content",
            },
            "ref": null,
            "rendered": "Page content",
            "type": "div",
          },
        ],
        "type": Object {
          "$$typeof": Symbol(react.forward_ref),
          "attrs": Array [],
          "componentStyle": ComponentStyle {
            "componentId": "sc-bxivhb",
            "isStatic": true,
            "lastClassName": "hWZXLf",
            "rules": Array [
              "
  padding-top: ",
              "20px",
              ";
  @media print {
    padding-top: 0;
  }
",
            ],
          },
          "displayName": "styled.div",
          "foldedComponentIds": Array [],
          "render": [Function],
          "styledComponentId": "sc-bxivhb",
          "target": "div",
          "toString": [Function],
          "warnTooManyClasses": [Function],
          "withComponent": [Function],
        },
      },
    ],
    "type": Symbol(react.fragment),
  },
  Symbol(enzyme.__nodes__): Array [
    Object {
      "instance": null,
      "key": undefined,
      "nodeType": "function",
      "props": Object {
        "children": Array [
          <Spinner />,
          <withRouter()
            homeLink="http://home/"
          />,
          <BackLink
            href="http://this/"
            onClick={undefined}
          >
            Back
          </BackLink>,
          <UNDEFINED>
            <Heading
              level={1}
              size="LARGE"
            >
              Page title
            </Heading>
            
            <div
              className="page-content"
            >
              Page content
            </div>
          </UNDEFINED>,
        ],
      },
      "ref": null,
      "rendered": Array [
        Object {
          "instance": null,
          "key": undefined,
          "nodeType": "class",
          "props": Object {},
          "ref": null,
          "rendered": null,
          "type": [Function],
        },
        Object {
          "instance": null,
          "key": undefined,
          "nodeType": "function",
          "props": Object {
            "homeLink": "http://home/",
          },
          "ref": null,
          "rendered": null,
          "type": [Function],
        },
        Object {
          "instance": null,
          "key": undefined,
          "nodeType": "function",
          "props": Object {
            "children": "Back",
            "href": "http://this/",
            "onClick": undefined,
          },
          "ref": null,
          "rendered": "Back",
          "type": [Function],
        },
        Object {
          "instance": null,
          "key": undefined,
          "nodeType": "function",
          "props": Object {
            "children": Array [
              <Heading
                level={1}
                size="LARGE"
              >
                Page title
              </Heading>,
              "",
              <div
                className="page-content"
              >
                Page content
              </div>,
            ],
          },
          "ref": null,
          "rendered": Array [
            Object {
              "instance": null,
              "key": undefined,
              "nodeType": "function",
              "props": Object {
                "children": "Page title",
                "level": 1,
                "size": "LARGE",
              },
              "ref": null,
              "rendered": "Page title",
              "type": [Function],
            },
            "",
            Object {
              "instance": null,
              "key": undefined,
              "nodeType": "host",
              "props": Object {
                "children": "Page content",
                "className": "page-content",
              },
              "ref": null,
              "rendered": "Page content",
              "type": "div",
            },
          ],
          "type": Object {
            "$$typeof": Symbol(react.forward_ref),
            "attrs": Array [],
            "componentStyle": ComponentStyle {
              "componentId": "sc-bxivhb",
              "isStatic": true,
              "lastClassName": "hWZXLf",
              "rules": Array [
                "
  padding-top: ",
                "20px",
                ";
  @media print {
    padding-top: 0;
  }
",
              ],
            },
            "displayName": "styled.div",
            "foldedComponentIds": Array [],
            "render": [Function],
            "styledComponentId": "sc-bxivhb",
            "target": "div",
            "toString": [Function],
            "warnTooManyClasses": [Function],
            "withComponent": [Function],
          },
        },
      ],
      "type": Symbol(react.fragment),
    },
  ],
  Symbol(enzyme.__options__): Object {
    "adapter": ReactSixteenAdapter {
      "options": Object {
        "enableComponentDidUpdateOnSetState": true,
        "legacyContextMode": "parent",
        "lifecycles": Object {
          "componentDidUpdate": Object {
            "onSetState": true,
          },
          "getChildContext": Object {
            "calledByRenderer": false,
          },
          "getDerivedStateFromError": true,
          "getDerivedStateFromProps": Object {
            "hasShouldComponentUpdateBug": true,
          },
          "getSnapshotBeforeUpdate": true,
          "setState": Object {
            "skipsComponentDidUpdateOnNullish": true,
          },
        },
      },
    },
  },
  Symbol(enzyme.__childContext__): null,
}
`;
