// Jest Snapshot v1, https://goo.gl/fbAQLP

exports[`IEP history should render the current IEP level correctly 1`] = `
<div
  className="current-iep sc-iwsKbI jnBmwk"
>
  <div
    className="sc-htoDjs bAoqyZ"
  >
    <div
      className="sc-dnqmqq kSWurI"
    >
      <strong
        className="label"
      >
        Current IEP level
      </strong>
      <p>
        Standard
      </p>
    </div>
    <div
      className="sc-dnqmqq kSWurI"
    >
      <strong
        className="label"
      >
        Days since review
      </strong>
      <p>
        625
      </p>
    </div>
    <div
      className="sc-dnqmqq kSWurI"
    >
      <strong
        className="label"
      >
        Date of next review
      </strong>
      <p>
        15/08/2018
      </p>
    </div>
  </div>
</div>
`;

exports[`IEP history should render the iep history table correctly 1`] = `
Array [
  <div
    className="sc-gzVnrw gIvEvv"
  >
    <table
      className="results sc-EHOje kCMYgv"
    >
      <caption
        className="sc-htpNat iqxUVN"
      >
        IEP history
      </caption>
      <tbody
        className="sc-bwzfXH uTxCW"
      >
        <tr
          className="sc-ifAKCX cFlEyZ"
        >
          <th
            className="sc-bxivhb kZbmwT"
          >
            Date and Time
          </th>
          <th
            className="sc-bxivhb kZbmwT"
          >
            IEP Description
          </th>
          <th
            className="sc-bxivhb kZbmwT"
          >
            Reason
          </th>
          <th
            className="sc-bxivhb kZbmwT"
          >
            Establishment
          </th>
          <th
            className="sc-bxivhb kZbmwT"
          >
            Staff member
          </th>
        </tr>
        <tr
          className="sc-ifAKCX cFlEyZ"
        >
          <td
            className="sc-bxivhb jMmQxS"
          >
            13/08/2017 - 16:04
          </td>
          <td
            className="sc-bxivhb jMmQxS"
          >
            Standard
          </td>
          <td
            className="sc-bxivhb jMmQxS"
          >
            —
          </td>
          <td
            className="sc-bxivhb jMmQxS"
          >
            Leeds
          </td>
          <td
            className="sc-bxivhb jMmQxS"
          >
            Staff Member
          </td>
        </tr>
      </tbody>
    </table>
  </div>,
  <div
    className="sc-bZQynM iVQEAa"
  >
    <table
      className="sc-EHOje kCMYgv"
    >
      <caption
        className="sc-htpNat iqxUVN"
      >
        IEP history
      </caption>
      <tbody
        className="sc-bwzfXH uTxCW"
      >
        <tr
          className="sc-ifAKCX cFlEyZ"
        >
          <th
            className="sc-bxivhb kZbmwT"
          >
            Date and Time
          </th>
          <th
            className="sc-bxivhb kZbmwT"
          >
            IEP Description
          </th>
          <th
            className="sc-bxivhb kZbmwT"
          >
            Establishment
          </th>
        </tr>
        <tr
          className="sc-ifAKCX cFlEyZ"
        >
          <td
            className="sc-bxivhb jMmQxS"
          >
            13/08/2017 - 16:04
          </td>
          <td
            className="sc-bxivhb jMmQxS"
          >
            Standard
          </td>
          <td
            className="sc-bxivhb jMmQxS"
          >
            Leeds
          </td>
        </tr>
      </tbody>
    </table>
  </div>,
]
`;
