// Jest Snapshot v1, https://goo.gl/fbAQLP

exports[`Adjudication History Table should render correctly 1`] = `
Array [
  <div
    className="sc-jzJRlG doLUQE"
  >
    <div
      className="sc-fjdhpX gPQCpk"
    >
      1
       - 
      20
       of
       
      100
       results
    </div>
    <div
      className="sc-kpOJdX gBCKOX"
    >
      <label
        htmlFor="perPage"
      >
        <span
          className="sc-cSHVUG lowffx"
        >
          Results per page
        </span>
      </label>
      <select
        className="sc-kGXeez eEExxo"
        id="perPage"
        onChange={[Function]}
        value={20}
      >
        <option
          value="10"
        >
          10
        </option>
        <option
          value="20"
        >
          20
        </option>
        <option
          value="50"
        >
          50
        </option>
        <option
          value={100}
        >
          All
        </option>
      </select>
    </div>
  </div>,
  <div
    className="sc-gzVnrw gIvEvv"
  >
    <table
      className="sc-EHOje ecdksn results"
    >
      <thead
        className="sc-bdVaJa bDWFJH"
      >
        <tr
          className="sc-ifAKCX cFlEyZ"
        >
          <th
            className="sc-bxivhb fWvmaq"
          >
            Adjudication number
          </th>
          <th
            className="sc-bxivhb hgtSCp"
          >
            Report date and time
          </th>
          <th
            className="sc-bxivhb dnVQUz"
          >
            Establishment
          </th>
          <th
            className="sc-bxivhb blvPUL"
          >
            Offence description
          </th>
          <th
            className="sc-bxivhb fWvmaq"
          >
            Finding
          </th>
        </tr>
      </thead>
      <tbody
        className="sc-bwzfXH uTxCW"
      >
        <tr
          className="sc-ifAKCX cFlEyZ"
        >
          <td
            className="sc-bxivhb ckLzJk"
          >
            <a
              className="link"
              href="/offenders/AAA123/adjudications/1111111"
              onClick={[Function]}
            >
              1111111
            </a>
          </td>
          <td
            className="sc-bxivhb ckLzJk"
          >
            12/03/2018 12:20
          </td>
          <td
            className="sc-bxivhb ckLzJk"
          >
            Moorland
          </td>
          <td
            className="sc-bxivhb ckLzJk"
          >
            Arson
          </td>
          <td
            className="sc-bxivhb ckLzJk"
          >
            Guilty
          </td>
        </tr>
        <tr
          className="sc-ifAKCX cFlEyZ"
        >
          <td
            className="sc-bxivhb ckLzJk"
          >
            <a
              className="link"
              href="/offenders/AAA123/adjudications/2222222"
              onClick={[Function]}
            >
              2222222
            </a>
          </td>
          <td
            className="sc-bxivhb ckLzJk"
          >
            17/02/2017 10:20
          </td>
          <td
            className="sc-bxivhb ckLzJk"
          >
            Leeds
          </td>
          <td
            className="sc-bxivhb ckLzJk"
          >
            Assault
          </td>
          <td
            className="sc-bxivhb ckLzJk"
          >
             Not Guilty
          </td>
        </tr>
        <tr
          className="sc-ifAKCX cFlEyZ"
        >
          <td
            className="sc-bxivhb ckLzJk"
          >
            <a
              className="link"
              href="/offenders/AAA123/adjudications/3333333"
              onClick={[Function]}
            >
              3333333
            </a>
          </td>
          <td
            className="sc-bxivhb ckLzJk"
          >
            01/03/2017 04:20
          </td>
          <td
            className="sc-bxivhb ckLzJk"
          >
            Moorland
          </td>
          <td
            className="sc-bxivhb ckLzJk"
          >
            Theft
          </td>
          <td
            className="sc-bxivhb ckLzJk"
          >
            --
          </td>
        </tr>
      </tbody>
    </table>
  </div>,
  <div
    className="sc-bZQynM iVQEAa"
  >
    <table
      className="sc-EHOje ecdksn results"
    >
      <thead
        className="sc-bdVaJa bDWFJH"
      >
        <tr
          className="sc-ifAKCX cFlEyZ"
        >
          <th
            className="sc-bxivhb eWDuGm"
          >
            Adjudication Number
          </th>
          <th
            className="sc-bxivhb eWDuGm"
          >
            Report date
          </th>
          <th
            className="sc-bxivhb eWDuGm"
          >
            Finding
          </th>
        </tr>
      </thead>
      <tbody
        className="sc-bwzfXH uTxCW"
      >
        <tr
          className="sc-ifAKCX cFlEyZ"
        >
          <td
            className="sc-bxivhb ckLzJk"
          >
            <a
              className="link"
              href="/offenders/AAA123/adjudications/1111111"
              onClick={[Function]}
            >
              1111111
            </a>
          </td>
          <td
            className="sc-bxivhb ckLzJk"
          >
            12/03/2018
          </td>
          <td
            className="sc-bxivhb ckLzJk"
          >
            Guilty
          </td>
        </tr>
        <tr
          className="sc-ifAKCX cFlEyZ"
        >
          <td
            className="sc-bxivhb ckLzJk"
          >
            <a
              className="link"
              href="/offenders/AAA123/adjudications/2222222"
              onClick={[Function]}
            >
              2222222
            </a>
          </td>
          <td
            className="sc-bxivhb ckLzJk"
          >
            17/02/2017
          </td>
          <td
            className="sc-bxivhb ckLzJk"
          >
             Not Guilty
          </td>
        </tr>
        <tr
          className="sc-ifAKCX cFlEyZ"
        >
          <td
            className="sc-bxivhb ckLzJk"
          >
            <a
              className="link"
              href="/offenders/AAA123/adjudications/3333333"
              onClick={[Function]}
            >
              3333333
            </a>
          </td>
          <td
            className="sc-bxivhb ckLzJk"
          >
            01/03/2017
          </td>
          <td
            className="sc-bxivhb ckLzJk"
          >
            --
          </td>
        </tr>
      </tbody>
    </table>
  </div>,
  <div>
    <nav
      className="sc-htoDjs kGbKV"
    >
      <ul
        className="sc-dnqmqq gfICuL"
      >
        <li
          className="sc-iwsKbI dBJiGn"
        />
        <li
          className="sc-gqjmRU fcaAIL"
          id="next-page"
          onClick={[Function]}
          role="button"
        >
          <div
            className="sc-gZMcBi ckrsaC"
          >
            Next
            <span
              className="sc-VigVT fTVswn"
            >
              page
            </span>
            <span
              className="sc-jTzLTM gFPDJc"
            >
              2
               of 
              5
            </span>
          </div>
        </li>
      </ul>
    </nav>
  </div>,
]
`;
