// Jest Snapshot v1, https://goo.gl/fbAQLP

exports[`<ResultsTotals /> should match the default snapshot 1`] = `
<div
  className="sc-bdVaJa glKenP"
>
  0
   - 
  0
   of
   
  0
   results
</div>
`;

exports[`<ResultsTotals /> should match the first page snapshot 1`] = `
<div
  className="sc-bdVaJa glKenP"
>
  1
   - 
  20
   of
   
  100
   results
</div>
`;

exports[`<ResultsTotals /> should match the with page number snapshot 1`] = `
<div
  className="sc-bdVaJa glKenP"
>
  61
   - 
  80
   of
   
  100
   results
</div>
`;
