// Jest Snapshot v1, https://goo.gl/fbAQLP

exports[`<TotalResults /> should match the default snapshot 1`] = `
<styled.div>
  <styled.span>
    Prisoners listed:
  </styled.span>
   
  <span
    name="total-number"
  >
    0
  </span>
</styled.div>
`;

exports[`<TotalResults /> should match with value snapshot 1`] = `
<styled.div>
  <styled.span>
    Prisoners listed:
  </styled.span>
   
  <span
    name="total-number"
  >
    10
  </span>
</styled.div>
`;
