// Jest Snapshot v1, https://goo.gl/fbAQLP

exports[`Offender Breadcrumb should render correctly when values are not present 1`] = `
"<span>
  Unknown
</span>"
`;

exports[`Offender Breadcrumb should render correctly when values are present 1`] = `
"<a href=\\"offenders/AAAA111222/quick-look\\">
  Smith, Bob
</a>"
`;
