// Jest Snapshot v1, https://goo.gl/fbAQLP

exports[`<IEPSlip /> matches the default snapshot 1`] = `
<styled.div>
  <styled.div>
    <styled.div>
      <H2
        mb={0}
        size="MEDIUM"
      >
        IEP Warning
      </H2>
    </styled.div>
    <styled.div>
      Date and time: 
      <styled.span
        inline={true}
      >
        1 January 2019, 12:00 am
      </styled.span>
    </styled.div>
  </styled.div>
  <styled.div>
    <styled.div>
      Name:
       
      <styled.span>
        Test
         
        Offender
      </styled.span>
    </styled.div>
    <styled.div>
      Number: 
      <styled.span>
        ABC123
      </styled.span>
    </styled.div>
    <styled.div>
      Location: 
      <styled.span>
        <Location
          agencyId="LEI"
          location="LEI-123"
        />
      </styled.span>
    </styled.div>
    <styled.div>
      Activity or area: 
      <styled.span>
        Test activity
      </styled.span>
    </styled.div>
  </styled.div>
  <styled.div>
    <styled.div>
      Reason:
      <styled.span>
        Refused
        : 
        Refused to attend
      </styled.span>
    </styled.div>
  </styled.div>
  <styled.div
    noBorder={true}
  >
    <styled.div>
      Raised by: 
      <styled.span
        inline={true}
      >
        T User
      </styled.span>
    </styled.div>
    <styled.div>
      Date: 
      <styled.span
        inline={true}
      >
        1 January 2019
      </styled.span>
    </styled.div>
  </styled.div>
  <styled.div
    noBorder={true}
  >
    <styled.div>
      Issued by:
    </styled.div>
    <styled.div>
      Date: 
      <styled.span
        inline={true}
      >
        1 January 2019
      </styled.span>
    </styled.div>
  </styled.div>
</styled.div>
`;
