// Jest Snapshot v1, https://goo.gl/fbAQLP

exports[`Create Alert container Initial load should pass the correct props to the CreateForm component 1`] = `
<Fragment>
  <GridRow>
    <GridCol
      columnFull={false}
      columnOneHalf={false}
      columnOneQuarter={false}
      columnOneThird={false}
      columnThreeQuarters={false}
      columnTwoThirds={false}
      setWidth="one-half"
    >
      <Connect(OffenderPage)
        alwaysRender={true}
        handleError={[Function]}
        offenderNumber="A12345"
        setLoaded={[Function]}
        title={[Function]}
      />
    </GridCol>
  </GridRow>
  <GridRow>
    <GridCol
      columnFull={false}
      columnOneHalf={false}
      columnOneQuarter={false}
      columnOneThird={false}
      columnThreeQuarters={false}
      columnTwoThirds={false}
    >
      <p
        className="label margin-bottom-small"
      >
        Name
      </p>
      <p>
        <strong>
          John
           
          Doe
           (
          A12345
          )
        </strong>
      </p>
    </GridCol>
  </GridRow>
  <GridRow>
    <GridCol
      columnFull={false}
      columnOneHalf={false}
      columnOneQuarter={false}
      columnOneThird={false}
      columnThreeQuarters={false}
      columnTwoThirds={false}
      setWidth="one-half"
    >
      <Connect(CreateAlertFinalForm)
        alertSubTypes={Array []}
        alertTypes={Array []}
        cancelHandler={[Function]}
        createAlertHandler={[Function]}
        disableSubmit={false}
      />
    </GridCol>
  </GridRow>
</Fragment>
`;
