// Jest Snapshot v1, https://goo.gl/fbAQLP

exports[`Create alert form should display required fields errors 1`] = `
<form
  className="margin-top"
  onSubmit={[Function]}
>
  <ErrorSummary
    errors={
      Array [
        Object {
          "targetName": "alertType",
          "text": "Please select an alert type",
        },
        Object {
          "targetName": "alertSubType",
          "text": "Please select an alert",
        },
        Object {
          "targetNam": "comment",
          "text": "Please enter a comment",
        },
      ]
    }
    heading="There is a problem"
    onHandleErrorClick={[Function]}
  />
  <WhenFieldChanges
    becomes=""
    field="alertType"
    set="alertSubType"
  />
  <styled.fieldset>
    <Legend
      isPageHeading={false}
    >
      Type of alert
    </Legend>
    <FieldWithError
      component={[Function]}
      errors={
        Array [
          Object {
            "targetName": "alertType",
            "text": "Please select an alert type",
          },
          Object {
            "targetName": "alertSubType",
            "text": "Please select an alert",
          },
          Object {
            "targetNam": "comment",
            "text": "Please enter a comment",
          },
        ]
      }
      name="alertType"
    >
      <option
        disabled={true}
        hidden={true}
        value=""
      >
        Select
      </option>
    </FieldWithError>
  </styled.fieldset>
  <styled.fieldset>
    <Legend
      isPageHeading={false}
    >
      Alert
    </Legend>
    <FieldWithError
      component={[Function]}
      errors={
        Array [
          Object {
            "targetName": "alertType",
            "text": "Please select an alert type",
          },
          Object {
            "targetName": "alertSubType",
            "text": "Please select an alert",
          },
          Object {
            "targetNam": "comment",
            "text": "Please enter a comment",
          },
        ]
      }
      name="alertSubType"
    >
      <option
        disabled={true}
        hidden={true}
        value=""
      >
        Select
      </option>
    </FieldWithError>
  </styled.fieldset>
  <styled.fieldset>
    <Legend
      isPageHeading={false}
    >
      Comment
    </Legend>
    <FieldWithError
      component={[Function]}
      errors={
        Array [
          Object {
            "targetName": "alertType",
            "text": "Please select an alert type",
          },
          Object {
            "targetName": "alertSubType",
            "text": "Please select an alert",
          },
          Object {
            "targetNam": "comment",
            "text": "Please enter a comment",
          },
        ]
      }
      name="comment"
    />
  </styled.fieldset>
  <styled.fieldset>
    <Legend
      isPageHeading={false}
    >
      Effective date
    </Legend>
    <styled.div>
      <FormattedDate
        isoDate=""
      />
      <styled.a
        className="link clickable"
        data-qa="edit-date-link"
        muted={false}
        noVisitedState={false}
        onClick={[Function]}
        onKeyDown={[Function]}
        role="link"
        tabIndex={0}
        textColour={false}
      >
        Change
      </styled.a>
    </styled.div>
  </styled.fieldset>
  <styled.div
    className="margin-top-30"
  >
    <ForwardRef
      disabled={false}
      mb={0}
      start={false}
      type="submit"
    >
      Save and continue
    </ForwardRef>
    <ButtonCancel
      mb={0}
      onClick={[Function]}
      type="button"
    >
      Cancel
    </ButtonCancel>
  </styled.div>
</form>
`;
