// Jest Snapshot v1, https://goo.gl/fbAQLP

exports[`Awards should render no award correctly 1`] = `
<div
  className="sc-EHOje jZkQJN"
>
  <h3
    className="sc-htpNat jszPot"
  >
    Awards
  </h3>
  <p>
    No awards available
  </p>
</div>
`;

exports[`Awards should render present award correctly 1`] = `
<div
  className="sc-EHOje jZkQJN"
>
  <h3
    className="sc-htpNat jszPot"
  >
    Awards
  </h3>
  <div
    className="sc-bZQynM eiaTag"
  >
    <div
      className="sc-bdVaJa gkOpjT"
    >
      <div
        className="sc-bwzfXH gDjOjU"
      >
        <strong
          className="label"
        >
          Type
        </strong>
        <p
          className="sc-bxivhb ddqgmM"
        >
          No association
        </p>
      </div>
      <div
        className="sc-bwzfXH gDjOjU"
      >
        <strong
          className="label"
        >
          Length of time
        </strong>
        <p
          className="sc-bxivhb ddqgmM"
        >
          10 Days
        </p>
      </div>
      <div
        className="sc-bwzfXH gDjOjU"
      >
        <strong
          className="label"
        >
          Effective date
        </strong>
        <p
          className="sc-bxivhb ddqgmM"
        >
          12/03/2018 - 12:21
        </p>
      </div>
      <div
        className="sc-bwzfXH gDjOjU"
      >
        <strong
          className="label"
        >
          Status
        </strong>
        <p
          className="sc-bxivhb ddqgmM"
        >
          Active
        </p>
      </div>
    </div>
    <div
      className="sc-bdVaJa gkOpjT"
    >
      <div
        className="sc-bwzfXH iXLolC"
      >
        <strong
          className="label"
        >
          Comments
        </strong>
        <p
          className="sc-bxivhb ddqgmM"
        >
          Ongoing
        </p>
      </div>
    </div>
  </div>
  <div
    className="sc-bZQynM fivOtD"
  >
    <div
      className="sc-bdVaJa gkOpjT"
    >
      <div
        className="sc-bwzfXH gDjOjU"
      >
        <strong
          className="label"
        >
          Type
        </strong>
        <p
          className="sc-bxivhb ddqgmM"
        >
          Reduction of earnings
        </p>
      </div>
      <div
        className="sc-bwzfXH gDjOjU"
      >
        <strong
          className="label"
        >
          Length of time
        </strong>
        <p
          className="sc-bxivhb ddqgmM"
        >
          1 Month, 10 Days
        </p>
      </div>
      <div
        className="sc-bwzfXH gDjOjU"
      >
        <strong
          className="label"
        >
          Effective date
        </strong>
        <p
          className="sc-bxivhb ddqgmM"
        >
          15/03/2018 - 10:00
        </p>
      </div>
      <div
        className="sc-bwzfXH gDjOjU"
      >
        <strong
          className="label"
        >
          Status
        </strong>
        <p
          className="sc-bxivhb ddqgmM"
        >
          Active
        </p>
      </div>
    </div>
  </div>
</div>
`;
